Coverage Report by instance with details

=================================================================================
=== Instance: /tb/iDUT/ctrl_sva_inst
=== Design Unit: work.properties
=================================================================================

Assertion Coverage:
    Assertions                      10         8         2    80.00%
--------------------------------------------------------------------
Name                 File(Line)                   Failure      Pass 
                                                  Count        Count
--------------------------------------------------------------------
/tb/iDUT/ctrl_sva_inst/mstate_onehot
                     properties.sv(7)                   0          1
/tb/iDUT/ctrl_sva_inst/m1_grant
                     properties.sv(14)                  0          1
/tb/iDUT/ctrl_sva_inst/m2_grant
                     properties.sv(19)                  0          1
/tb/iDUT/ctrl_sva_inst/m2_grant_LLM_generated
                     properties.sv(25)                  3          1
/tb/iDUT/ctrl_sva_inst/m3_grant
                     properties.sv(30)                  0          1
/tb/iDUT/ctrl_sva_inst/m3_grant_LLM_generated
                     properties.sv(36)                  2          1
/tb/iDUT/ctrl_sva_inst/m1_req
                     properties.sv(43)                  0          1
/tb/iDUT/ctrl_sva_inst/m2_req
                     properties.sv(53)                  0          1
/tb/iDUT/ctrl_sva_inst/m3_req
                     properties.sv(62)                  0          1
/tb/iDUT/ctrl_sva_inst/mutex_LLM_generated
                     properties.sv(72)                  0          1

Directive Coverage:
    Directives                       3         3         0   100.00%

DIRECTIVE COVERAGE:
--------------------------------------------------------------------------------------------
Name                                     Design Design   Lang File(Line)      Hits Status    
                                         Unit   UnitType                                     
--------------------------------------------------------------------------------------------
/tb/iDUT/ctrl_sva_inst/m1_req_fired_LLM  properties Verilog  SVA  properties.sv(48)
                                                                                 7 Covered   
/tb/iDUT/ctrl_sva_inst/m2_req_fired_LLM_generated 
                                         properties Verilog  SVA  properties.sv(57)
                                                                                 9 Covered   
/tb/iDUT/ctrl_sva_inst/m3_req_fired_LLM_generated 
                                         properties Verilog  SVA  properties.sv(66)
                                                                                 7 Covered   

=================================================================================
=== Instance: /tb/iDUT
=== Design Unit: work.controller
=================================================================================
Branch Coverage:
    Enabled Coverage              Bins      Hits    Misses  Coverage
    ----------------              ----      ----    ------  --------
    Branches                        79        58        21    73.41%

================================Branch Details================================

Branch Coverage for instance /tb/iDUT

    Line         Item                      Count     Source 
    ----         ----                      -----     ------ 
  File controller.sv
------------------------------------IF Branch------------------------------------
    37                                        66     Count coming in to IF
    37              1                          8     
    38              1                         58     
Branch totals: 2 hits of 2 branches = 100.00%

------------------------------------IF Branch------------------------------------
    44                                        37     Count coming in to IF
    44              1                          8     
    46              1                          4     
                                              25     All False Count
Branch totals: 3 hits of 3 branches = 100.00%

------------------------------------IF Branch------------------------------------
    52                                         9     Count coming in to IF
    52              1                          5     
    53              1                          4     
Branch totals: 2 hits of 2 branches = 100.00%

------------------------------------CASE Branch------------------------------------
    58                                       104     Count coming in to CASE
    59              1                         38     
    70              1                          8     
    83              1                         10     
    95              1                          6     
    103             1                         12     
    112             1                         11     
    120             1                         11     
    129             1                          6     
    138             1                          2     
Branch totals: 9 hits of 9 branches = 100.00%

------------------------------------IF Branch------------------------------------
    61                                        38     Count coming in to IF
    61              1                          2     
    62              1                          4     
    66              1                          4     
    67              1                          3     
    68              1                         25     
Branch totals: 5 hits of 5 branches = 100.00%

------------------------------------IF Branch------------------------------------
    63                                         4     Count coming in to IF
    63              1                          2     
    64              1                          2     
Branch totals: 2 hits of 2 branches = 100.00%

------------------------------------IF Branch------------------------------------
    72                                         8     Count coming in to IF
    72              1                          2     
    81              1                          6     
Branch totals: 2 hits of 2 branches = 100.00%

------------------------------------IF Branch------------------------------------
    73                                         2     Count coming in to IF
    73              1                    ***0***     
    77              1                    ***0***     
    78              1                    ***0***     
    79              1                          2     
Branch totals: 1 hit of 4 branches = 25.00%

------------------------------------IF Branch------------------------------------
    74                                   ***0***     Count coming in to IF
    74              1                    ***0***     
    75              1                    ***0***     
Branch totals: 0 hits of 2 branches = 0.00%

------------------------------------IF Branch------------------------------------
    84                                        10     Count coming in to IF
    84              1                          1     
    93              1                          9     
Branch totals: 2 hits of 2 branches = 100.00%

------------------------------------IF Branch------------------------------------
    85                                         1     Count coming in to IF
    85              1                    ***0***     
    89              1                    ***0***     
    90              1                    ***0***     
    91              1                          1     
Branch totals: 1 hit of 4 branches = 25.00%

------------------------------------IF Branch------------------------------------
    86                                   ***0***     Count coming in to IF
    86              1                    ***0***     
    87              1                    ***0***     
Branch totals: 0 hits of 2 branches = 0.00%

------------------------------------IF Branch------------------------------------
    96                                         6     Count coming in to IF
    96              1                          2     
    101             1                          4     
Branch totals: 2 hits of 2 branches = 100.00%

------------------------------------IF Branch------------------------------------
    97                                         2     Count coming in to IF
    97              1                    ***0***     
    98              1                    ***0***     
    99              1                          2     
Branch totals: 1 hit of 3 branches = 33.33%

------------------------------------IF Branch------------------------------------
    104                                       12     Count coming in to IF
    104             1                          1     
    105             1                          1     
    110             1                         10     
Branch totals: 3 hits of 3 branches = 100.00%

------------------------------------IF Branch------------------------------------
    106                                        1     Count coming in to IF
    106             1                    ***0***     
    107             1                    ***0***     
    108             1                          1     
Branch totals: 1 hit of 3 branches = 33.33%

------------------------------------IF Branch------------------------------------
    113                                       11     Count coming in to IF
    113             1                          2     
    114             1                          1     
                                               8     All False Count
Branch totals: 3 hits of 3 branches = 100.00%

------------------------------------IF Branch------------------------------------
    115                                        1     Count coming in to IF
    115             1                    ***0***     
    116             1                    ***0***     
    117             1                          1     
Branch totals: 1 hit of 3 branches = 33.33%

------------------------------------IF Branch------------------------------------
    121                                       11     Count coming in to IF
    121             1                          1     
    122             1                          1     
    127             1                          9     
Branch totals: 3 hits of 3 branches = 100.00%

------------------------------------IF Branch------------------------------------
    123                                        1     Count coming in to IF
    123             1                    ***0***     
    124             1                    ***0***     
    125             1                          1     
Branch totals: 1 hit of 3 branches = 33.33%

------------------------------------IF Branch------------------------------------
    130                                        6     Count coming in to IF
    130             1                          1     
    131             1                          1     
    136             1                          4     
Branch totals: 3 hits of 3 branches = 100.00%

------------------------------------IF Branch------------------------------------
    132                                        1     Count coming in to IF
    132             1                    ***0***     
    133             1                    ***0***     
    134             1                          1     
Branch totals: 1 hit of 3 branches = 33.33%

------------------------------------IF Branch------------------------------------
    145                                       51     Count coming in to IF
    145             1                          6     
    149             1                         45     
Branch totals: 2 hits of 2 branches = 100.00%

------------------------------------CASE Branch------------------------------------
    150                                       45     Count coming in to CASE
    151             1                         16     
    155             1                          2     
    159             1                          5     
    163             1                          4     
    167             1                          6     
    171             1                          4     
    175             1                          5     
    179             1                          3     
    183             1                    ***0***     
Branch totals: 8 hits of 9 branches = 88.88%


Condition Coverage:
    Enabled Coverage              Bins   Covered    Misses  Coverage
    ----------------              ----      ----    ------  --------
    Conditions                      22        18         4    81.81%

================================Condition Details================================

Condition Coverage for instance /tb/iDUT --

  File controller.sv
----------------Focused Condition View-------------------
Line       46 Item    1  (req[1] && req[2])
Condition totals: 2 of 2 input terms covered = 100.00%

----------------Focused Condition View-------------------
Line       61 Item    1  (req[0] == 1)
Condition totals: 1 of 1 input term covered = 100.00%

----------------Focused Condition View-------------------
Line       62 Item    1  ((req[1] == 1) && (req[2] == 1))
Condition totals: 2 of 2 input terms covered = 100.00%

----------------Focused Condition View-------------------
Line       66 Item    1  (req[1] == 1)
Condition totals: 1 of 1 input term covered = 100.00%

----------------Focused Condition View-------------------
Line       67 Item    1  (req[2] == 1)
Condition totals: 1 of 1 input term covered = 100.00%

----------------Focused Condition View-------------------
Line       72 Item    1  (done[0] == 1)
Condition totals: 1 of 1 input term covered = 100.00%

----------------Focused Condition View-------------------
Line       73 Item    1  (req[1] && req[2])
Condition totals: 0 of 2 input terms covered = 0.00%

  Input Term   Covered  Reason for no coverage   Hint
 -----------  --------  -----------------------  --------------
      req[1]         N  '_1' not hit             Hit '_1'
      req[2]         N  No hits                  Hit '_0' and '_1'

     Rows:       Hits  FEC Target            Non-masking condition(s)      
 ---------  ---------  --------------------  -------------------------     
  Row   1:          1  req[1]_0              -                             
  Row   2:    ***0***  req[1]_1              req[2]                        
  Row   3:    ***0***  req[2]_0              req[1]                        
  Row   4:    ***0***  req[2]_1              req[1]                        

----------------Focused Condition View-------------------
Line       84 Item    1  (done[0] == 1)
Condition totals: 1 of 1 input term covered = 100.00%

----------------Focused Condition View-------------------
Line       85 Item    1  (req[1] && req[2])
Condition totals: 0 of 2 input terms covered = 0.00%

  Input Term   Covered  Reason for no coverage   Hint
 -----------  --------  -----------------------  --------------
      req[1]         N  '_1' not hit             Hit '_1'
      req[2]         N  No hits                  Hit '_0' and '_1'

     Rows:       Hits  FEC Target            Non-masking condition(s)      
 ---------  ---------  --------------------  -------------------------     
  Row   1:          1  req[1]_0              -                             
  Row   2:    ***0***  req[1]_1              req[2]                        
  Row   3:    ***0***  req[2]_0              req[1]                        
  Row   4:    ***0***  req[2]_1              req[1]                        

----------------Focused Condition View-------------------
Line       96 Item    1  (done[0] == 1)
Condition totals: 1 of 1 input term covered = 100.00%

----------------Focused Condition View-------------------
Line       104 Item    1  (req[0] == 1)
Condition totals: 1 of 1 input term covered = 100.00%

----------------Focused Condition View-------------------
Line       105 Item    1  (done[1] == 1)
Condition totals: 1 of 1 input term covered = 100.00%

----------------Focused Condition View-------------------
Line       113 Item    1  (req[0] == 1)
Condition totals: 1 of 1 input term covered = 100.00%

----------------Focused Condition View-------------------
Line       114 Item    1  (done[1] == 1)
Condition totals: 1 of 1 input term covered = 100.00%

----------------Focused Condition View-------------------
Line       121 Item    1  (req[0] == 1)
Condition totals: 1 of 1 input term covered = 100.00%

----------------Focused Condition View-------------------
Line       122 Item    1  (done[2] == 1)
Condition totals: 1 of 1 input term covered = 100.00%

----------------Focused Condition View-------------------
Line       130 Item    1  (req[0] == 1)
Condition totals: 1 of 1 input term covered = 100.00%

----------------Focused Condition View-------------------
Line       131 Item    1  (done[2] == 1)
Condition totals: 1 of 1 input term covered = 100.00%


FSM Coverage:
    Enabled Coverage              Bins      Hits    Misses  Coverage
    ----------------              ----      ----    ------  --------
    FSM States                       8         8         0   100.00%
    FSM Transitions                 31        17        14    54.83%

================================FSM Details================================

FSM Coverage for instance /tb/iDUT --

FSM_ID: ps
    Current State Object : ps
    ----------------------
    State Value MapInfo :
    ---------------------
Line          State Name               Value
----          ----------               -----
  59                IDLE                   1
 120              M3_one                  64
 103              M2_one                  16
  70             M1_free                   2
  83          M1_int_one                   4
  95          M1_int_two                   8
 112              M2_two                  32
 129              M3_two                 128
    Covered States :
    ----------------
                   State           Hit_count
                   -----           ---------
                    IDLE                  32          
                  M3_one                   5          
                  M2_one                   6          
                 M1_free                   4          
              M1_int_one                   5          
              M1_int_two                   4          
                  M2_two                   7          
                  M3_two                   3          
    Covered Transitions :
    ---------------------
Line            Trans_ID           Hit_count          Transition          
----            --------           ---------          ----------          
  67                   0                   5          IDLE -> M3_one                
  66                   1                   6          IDLE -> M2_one                
  61                   2                   2          IDLE -> M1_free               
 127                   3                   3          M3_one -> M3_two              
 125                   4                   1          M3_one -> IDLE                
 121                   7                   1          M3_one -> M1_int_one          
 110                   8                   4          M2_one -> M2_two              
 108                   9                   1          M2_one -> IDLE                
 104                  12                   1          M2_one -> M1_int_one          
  79                  13                   2          M1_free -> IDLE               
  93                  16                   4          M1_int_one -> M1_int_two          
  91                  17                   1          M1_int_one -> IDLE            
 101                  20                   4          M1_int_two -> IDLE            
 117                  23                   2          M2_two -> IDLE                
 113                  26                   2          M2_two -> M1_int_one          
 136                  27                   2          M3_two -> IDLE                
 130                  30                   1          M3_two -> M1_int_one          
    Uncovered Transitions :
    -----------------------
Line            Trans_ID          Transition          
----            --------          ----------          
 124                   5          M3_one -> M2_one    
 123                   6          M3_one -> M1_free   
 107                  10          M2_one -> M3_one    
 106                  11          M2_one -> M1_free   
  78                  14          M1_free -> M3_one   
  77                  15          M1_free -> M2_one   
  90                  18          M1_int_one -> M3_one
  89                  19          M1_int_one -> M2_one
  98                  21          M1_int_two -> M3_one
  97                  22          M1_int_two -> M2_one
 116                  24          M2_two -> M3_one    
 115                  25          M2_two -> M1_free   
 133                  28          M3_two -> M2_one    
 132                  29          M3_two -> M1_free   


    Summary                       Bins      Hits    Misses  Coverage
    -------                       ----      ----    ------  --------
        FSM States                   8         8         0   100.00%
        FSM Transitions             31        17        14    54.83%
Statement Coverage:
    Enabled Coverage              Bins      Hits    Misses  Coverage
    ----------------              ----      ----    ------  --------
    Statements                      72        53        19    73.61%

================================Statement Details================================

Statement Coverage for instance /tb/iDUT --

    Line         Item                      Count     Source 
    ----         ----                      -----     ------ 
  File controller.sv
    36              1                         66     
    37              1                          8     
    38              1                         58     
    43              1                         37     
    45              1                          8     
    47              1                          4     
    51              1                          9     
    52              1                          5     
    53              1                          4     
    57              1                        104     
    61              1                          2     
    63              1                          2     
    64              1                          2     
    66              1                          4     
    67              1                          3     
    68              1                         25     
    74              1                    ***0***     
    75              1                    ***0***     
    77              1                    ***0***     
    78              1                    ***0***     
    79              1                          2     
    81              1                          6     
    86              1                    ***0***     
    87              1                    ***0***     
    89              1                    ***0***     
    90              1                    ***0***     
    91              1                          1     
    93              1                          9     
    97              1                    ***0***     
    98              1                    ***0***     
    99              1                          2     
    101             1                          4     
    104             1                          1     
    106             1                    ***0***     
    107             1                    ***0***     
    108             1                          1     
    110             1                         10     
    113             1                          2     
    115             1                    ***0***     
    116             1                    ***0***     
    117             1                          1     
    121             1                          1     
    123             1                    ***0***     
    124             1                    ***0***     
    125             1                          1     
    127             1                          9     
    130             1                          1     
    132             1                    ***0***     
    133             1                    ***0***     
    134             1                          1     
    136             1                          4     
    138             1                          2     
    143             1                         51     
    146             1                          6     
    147             1                          6     
    152             1                         16     
    153             1                         16     
    156             1                          2     
    157             1                          2     
    160             1                          5     
    161             1                          5     
    164             1                          4     
    165             1                          4     
    168             1                          6     
    169             1                          6     
    172             1                          4     
    173             1                          4     
    176             1                          5     
    177             1                          5     
    180             1                          3     
    181             1                          3     
    183             1                    ***0***     

=================================================================================
=== Instance: /tb
=== Design Unit: work.tb
=================================================================================
Statement Coverage:
    Enabled Coverage              Bins      Hits    Misses  Coverage
    ----------------              ----      ----    ------  --------
    Statements                     153       153         0   100.00%

================================Statement Details================================

Statement Coverage for instance /tb --

    Line         Item                      Count     Source 
    ----         ----                      -----     ------ 
  File tb.sv
    24              1                        154     
    24              2                        153     
    37              1                          1     
    38              1                          1     
    39              1                          1     
    40              1                          1     
    42              1                          1     
    42              2                          1     
    45              1                          1     
    45              2                          1     
    46              1                          1     
    46              2                          1     
    47              1                          1     
    47              2                          1     
    48              1                          1     
    48              2                          1     
    51              1                          1     
    51              2                          1     
    52              1                          1     
    52              2                          1     
    53              1                          1     
    53              2                          1     
    54              1                          1     
    54              2                          1     
    56              1                          1     
    56              2                          1     
    57              1                          1     
    57              2                          1     
    60              1                          1     
    60              2                          1     
    61              1                          1     
    61              2                          1     
    63              1                          1     
    63              2                          1     
    64              1                          1     
    64              2                          1     
    66              1                          1     
    66              2                          1     
    67              1                          1     
    67              2                          1     
    70              1                          1     
    70              2                          1     
    71              1                          1     
    71              2                          1     
    73              1                          1     
    73              2                          1     
    74              1                          1     
    74              2                          1     
    78              1                          1     
    78              2                          1     
    79              1                          1     
    79              2                          1     
    81              1                          1     
    81              2                          1     
    82              1                          1     
    82              2                          1     
    85              1                          1     
    85              2                          1     
    86              1                          1     
    86              2                          1     
    87              1                          1     
    87              2                          1     
    88              1                          1     
    88              2                          1     
    91              1                          1     
    91              2                          1     
    92              1                          1     
    92              2                          1     
    93              1                          1     
    93              2                          1     
    94              1                          1     
    94              2                          1     
    97              1                          1     
    97              2                          1     
    98              1                          1     
    98              2                          1     
    101             1                          1     
    101             2                          1     
    102             1                          1     
    102             2                          1     
    105             1                          1     
    105             2                          1     
    106             1                          1     
    106             2                          1     
    107             1                          1     
    108             1                          1     
    108             2                          1     
    111             1                          1     
    111             2                          1     
    112             1                          1     
    112             2                          1     
    113             1                          1     
    113             2                          1     
    114             1                          1     
    114             2                          1     
    117             1                          1     
    117             2                          1     
    118             1                          1     
    118             2                          1     
    121             1                          1     
    121             2                          1     
    122             1                          1     
    122             2                          1     
    122             3                          1     
    123             1                          1     
    123             2                          1     
    126             1                          1     
    126             2                          1     
    127             1                          1     
    127             2                          1     
    127             3                          1     
    128             1                          1     
    128             2                          1     
    128             3                          1     
    129             1                          1     
    129             2                          1     
    132             1                          1     
    132             2                          1     
    133             1                          1     
    133             2                          1     
    133             3                          1     
    134             1                          1     
    134             2                          1     
    137             1                          1     
    137             2                          1     
    138             1                          1     
    138             2                          1     
    138             3                          1     
    139             1                          1     
    139             2                          1     
    140             1                          1     
    140             2                          1     
    141             1                          1     
    141             2                          1     
    144             1                          1     
    144             2                          1     
    145             1                          1     
    145             2                          1     
    146             1                          1     
    146             2                          1     
    146             3                          1     
    147             1                          1     
    147             2                          1     
    148             1                          1     
    148             2                          1     
    149             1                          1     
    149             2                          1     
    152             1                          1     
    152             2                          1     
    153             1                          1     
    158             1                          1     
    159             1                          1     
    160             1                          1     


DIRECTIVE COVERAGE:
--------------------------------------------------------------------------------------------
Name                                     Design Design   Lang File(Line)      Hits Status    
                                         Unit   UnitType                                     
--------------------------------------------------------------------------------------------
/tb/iDUT/ctrl_sva_inst/m1_req_fired_LLM  properties Verilog  SVA  properties.sv(48)
                                                                                 7 Covered   
/tb/iDUT/ctrl_sva_inst/m2_req_fired_LLM_generated 
                                         properties Verilog  SVA  properties.sv(57)
                                                                                 9 Covered   
/tb/iDUT/ctrl_sva_inst/m3_req_fired_LLM_generated 
                                         properties Verilog  SVA  properties.sv(66)
                                                                                 7 Covered   

TOTAL DIRECTIVE COVERAGE: 100.00%  COVERS: 3

ASSERTION RESULTS:
--------------------------------------------------------------------
Name                 File(Line)                   Failure      Pass 
                                                  Count        Count
--------------------------------------------------------------------
/tb/iDUT/ctrl_sva_inst/mstate_onehot
                     properties.sv(7)                   0          1
/tb/iDUT/ctrl_sva_inst/m1_grant
                     properties.sv(14)                  0          1
/tb/iDUT/ctrl_sva_inst/m2_grant
                     properties.sv(19)                  0          1
/tb/iDUT/ctrl_sva_inst/m2_grant_LLM_generated
                     properties.sv(25)                  3          1
/tb/iDUT/ctrl_sva_inst/m3_grant
                     properties.sv(30)                  0          1
/tb/iDUT/ctrl_sva_inst/m3_grant_LLM_generated
                     properties.sv(36)                  2          1
/tb/iDUT/ctrl_sva_inst/m1_req
                     properties.sv(43)                  0          1
/tb/iDUT/ctrl_sva_inst/m2_req
                     properties.sv(53)                  0          1
/tb/iDUT/ctrl_sva_inst/m3_req
                     properties.sv(62)                  0          1
/tb/iDUT/ctrl_sva_inst/mutex_LLM_generated
                     properties.sv(72)                  0          1

Total Coverage By Instance (filtered view): 83.09%

