Coverage Report by instance with details

=================================================================================
=== Instance: /tbCover/iDUT/ctrl_sva_inst
=== Design Unit: work.properties
=================================================================================

Assertion Coverage:
    Assertions                      14         2        12    14.28%
--------------------------------------------------------------------
Name                 File(Line)                   Failure      Pass 
                                                  Count        Count
--------------------------------------------------------------------
/tbCover/iDUT/ctrl_sva_inst/mstate_onehot
                     properties.sv(14)                  0          1
/tbCover/iDUT/ctrl_sva_inst/m1_grant
                     properties.sv(27)              11132          1
/tbCover/iDUT/ctrl_sva_inst/m2_grant
                     properties.sv(32)                879          1
/tbCover/iDUT/ctrl_sva_inst/m2_grant_LLM_generated
                     properties.sv(38)                  0          1
/tbCover/iDUT/ctrl_sva_inst/m3_grant
                     properties.sv(43)               4705          1
/tbCover/iDUT/ctrl_sva_inst/m3_grant_LLM_generated
                     properties.sv(49)                 37          1
/tbCover/iDUT/ctrl_sva_inst/m1_req
                     properties.sv(56)              22332          1
/tbCover/iDUT/ctrl_sva_inst/m2_req
                     properties.sv(66)              22521          1
/tbCover/iDUT/ctrl_sva_inst/m3_req
                     properties.sv(75)              22522          1
/tbCover/iDUT/ctrl_sva_inst/mutex_LLM_generated
                     properties.sv(85)                  1          1
/tbCover/iDUT/ctrl_sva_inst/no_req_during_access
                     properties.sv(90)              11269          1
/tbCover/iDUT/ctrl_sva_inst/m1_done
                     properties.sv(96)              22548          1
/tbCover/iDUT/ctrl_sva_inst/m2_done
                     properties.sv(106)             22578          1
/tbCover/iDUT/ctrl_sva_inst/m3_done
                     properties.sv(115)             22654          1

Directive Coverage:
    Directives                       6         6         0   100.00%

DIRECTIVE COVERAGE:
--------------------------------------------------------------------------------------------
Name                                     Design Design   Lang File(Line)      Hits Status    
                                         Unit   UnitType                                     
--------------------------------------------------------------------------------------------
/tbCover/iDUT/ctrl_sva_inst/m1_req_fired_LLM 
                                         properties Verilog  SVA  properties.sv(61)
                                                                              44893 Covered   
/tbCover/iDUT/ctrl_sva_inst/m2_req_fired_LLM_generated 
                                         properties Verilog  SVA  properties.sv(70)
                                                                              44972 Covered   
/tbCover/iDUT/ctrl_sva_inst/m3_req_fired_LLM_generated 
                                         properties Verilog  SVA  properties.sv(79)
                                                                              44934 Covered   
/tbCover/iDUT/ctrl_sva_inst/m1_done_fired 
                                         properties Verilog  SVA  properties.sv(101)
                                                                              45108 Covered   
/tbCover/iDUT/ctrl_sva_inst/m2_done_fired 
                                         properties Verilog  SVA  properties.sv(110)
                                                                              45029 Covered   
/tbCover/iDUT/ctrl_sva_inst/m3_done_fired 
                                         properties Verilog  SVA  properties.sv(119)
                                                                              45067 Covered   

=================================================================================
=== Instance: /tbCover/iDUT
=== Design Unit: work.controller
=================================================================================
Branch Coverage:
    Enabled Coverage              Bins      Hits    Misses  Coverage
    ----------------              ----      ----    ------  --------
    Branches                        72        72         0   100.00%

================================Branch Details================================

Branch Coverage for instance /tbCover/iDUT

    Line         Item                      Count     Source 
    ----         ----                      -----     ------ 
  File controller.sv
------------------------------------IF Branch------------------------------------
    37                                    102998     Count coming in to IF
    37              1                      59666     
    38              1                      43332     
Branch totals: 2 hits of 2 branches = 100.00%

------------------------------------IF Branch------------------------------------
    44                                    102273     Count coming in to IF
    44              1                      61655     
    46              1                      11203     
                                           29415     All False Count
Branch totals: 3 hits of 3 branches = 100.00%

------------------------------------IF Branch------------------------------------
    52                                     40982     Count coming in to IF
    52              1                      29779     
    53              1                      11203     
Branch totals: 2 hits of 2 branches = 100.00%

------------------------------------CASE Branch------------------------------------
    58                                    136598     Count coming in to CASE
    59              1                      67082     
    70              1                      33649     
    83              1                       3469     
    95              1                        821     
    103             1                      10968     
    112             1                       1345     
    120             1                      17086     
    129             1                       2176     
    138             1                          2     
Branch totals: 9 hits of 9 branches = 100.00%

------------------------------------IF Branch------------------------------------
    61                                     67082     Count coming in to IF
    61              1                      32470     
    62              1                       8244     
    66              1                       8126     
    67              1                       8223     
    68              1                      10019     
Branch totals: 5 hits of 5 branches = 100.00%

------------------------------------IF Branch------------------------------------
    63                                      8244     Count coming in to IF
    63              1                        145     
    64              1                       8099     
Branch totals: 2 hits of 2 branches = 100.00%

------------------------------------IF Branch------------------------------------
    72                                     33649     Count coming in to IF
    72              1                       9969     
    81              1                      23680     
Branch totals: 2 hits of 2 branches = 100.00%

------------------------------------IF Branch------------------------------------
    73                                      9969     Count coming in to IF
    73              1                       2489     
    77              1                       2460     
    78              1                       2485     
    79              1                       2535     
Branch totals: 4 hits of 4 branches = 100.00%

------------------------------------IF Branch------------------------------------
    74                                      2489     Count coming in to IF
    74              1                        753     
    75              1                       1736     
Branch totals: 2 hits of 2 branches = 100.00%

------------------------------------IF Branch------------------------------------
    84                                      3469     Count coming in to IF
    84              1                        938     
    93              1                       2531     
Branch totals: 2 hits of 2 branches = 100.00%

------------------------------------IF Branch------------------------------------
    85                                       938     Count coming in to IF
    85              1                        206     
    89              1                        225     
    90              1                        252     
    91              1                        255     
Branch totals: 4 hits of 4 branches = 100.00%

------------------------------------IF Branch------------------------------------
    86                                       206     Count coming in to IF
    86              1                        105     
    87              1                        101     
Branch totals: 2 hits of 2 branches = 100.00%

------------------------------------IF Branch------------------------------------
    96                                       821     Count coming in to IF
    96              1                        586     
    97              1                        123     
    98              1                         57     
    99              1                         55     
Branch totals: 4 hits of 4 branches = 100.00%

------------------------------------IF Branch------------------------------------
    104                                    10968     Count coming in to IF
    104             1                       1440     
    105             1                       2981     
    110             1                       6547     
Branch totals: 3 hits of 3 branches = 100.00%

------------------------------------IF Branch------------------------------------
    106                                     2981     Count coming in to IF
    106             1                       1501     
    107             1                        710     
    108             1                        770     
Branch totals: 3 hits of 3 branches = 100.00%

------------------------------------IF Branch------------------------------------
    115                                     1345     Count coming in to IF
    115             1                        357     
    116             1                        503     
    117             1                        485     
Branch totals: 3 hits of 3 branches = 100.00%

------------------------------------IF Branch------------------------------------
    121                                    17086     Count coming in to IF
    121             1                       2286     
    122             1                       4526     
    127             1                      10274     
Branch totals: 3 hits of 3 branches = 100.00%

------------------------------------IF Branch------------------------------------
    123                                     4526     Count coming in to IF
    123             1                       2247     
    124             1                       1144     
    125             1                       1135     
Branch totals: 3 hits of 3 branches = 100.00%

------------------------------------IF Branch------------------------------------
    132                                     2176     Count coming in to IF
    132             1                        561     
    133             1                        818     
    134             1                        797     
Branch totals: 3 hits of 3 branches = 100.00%

------------------------------------IF Branch------------------------------------
    145                                   100688     Count coming in to IF
    145             1                      41794     
    149             1                      58894     
Branch totals: 2 hits of 2 branches = 100.00%

------------------------------------CASE Branch------------------------------------
    150                                    58894     Count coming in to CASE
    151             1                      24913     
    155             1                      14912     
    159             1                       1830     
    163             1                        434     
    167             1                       5825     
    171             1                        715     
    175             1                       9108     
    179             1                       1155     
    183             1                          2     
Branch totals: 9 hits of 9 branches = 100.00%


Condition Coverage:
    Enabled Coverage              Bins   Covered    Misses  Coverage
    ----------------              ----      ----    ------  --------
    Conditions                      18        18         0   100.00%

================================Condition Details================================

Condition Coverage for instance /tbCover/iDUT --

  File controller.sv
----------------Focused Condition View-------------------
Line       46 Item    1  (req[1] && req[2])
Condition totals: 2 of 2 input terms covered = 100.00%

----------------Focused Condition View-------------------
Line       62 Item    1  ((req[1] == 1) && (req[2] == 1))
Condition totals: 2 of 2 input terms covered = 100.00%

----------------Focused Condition View-------------------
Line       66 Item    1  (req[1] == 1)
Condition totals: 1 of 1 input term covered = 100.00%

----------------Focused Condition View-------------------
Line       67 Item    1  (req[2] == 1)
Condition totals: 1 of 1 input term covered = 100.00%

----------------Focused Condition View-------------------
Line       72 Item    1  (done[0] == 1)
Condition totals: 1 of 1 input term covered = 100.00%

----------------Focused Condition View-------------------
Line       73 Item    1  (req[1] && req[2])
Condition totals: 2 of 2 input terms covered = 100.00%

----------------Focused Condition View-------------------
Line       84 Item    1  (done[0] == 1)
Condition totals: 1 of 1 input term covered = 100.00%

----------------Focused Condition View-------------------
Line       85 Item    1  (req[1] && req[2])
Condition totals: 2 of 2 input terms covered = 100.00%

----------------Focused Condition View-------------------
Line       104 Item    1  ((req[0] == 1) && (done[1] == 0))
Condition totals: 2 of 2 input terms covered = 100.00%

----------------Focused Condition View-------------------
Line       105 Item    1  (done[1] == 1)
Condition totals: 1 of 1 input term covered = 100.00%

----------------Focused Condition View-------------------
Line       121 Item    1  ((req[0] == 1) && (done[2] == 0))
Condition totals: 2 of 2 input terms covered = 100.00%

----------------Focused Condition View-------------------
Line       122 Item    1  (done[2] == 1)
Condition totals: 1 of 1 input term covered = 100.00%


FSM Coverage:
    Enabled Coverage              Bins      Hits    Misses  Coverage
    ----------------              ----      ----    ------  --------
    FSM States                       8         8         0   100.00%
    FSM Transitions                 30        30         0   100.00%

================================FSM Details================================

FSM Coverage for instance /tbCover/iDUT --

FSM_ID: ps
    Current State Object : ps
    ----------------------
    State Value MapInfo :
    ---------------------
Line          State Name               Value
----          ----------               -----
  59                IDLE                   1
 120              M3_one                  64
 103              M2_one                  16
  70             M1_free                   2
  83          M1_int_one                   4
  95          M1_int_two                   8
 112              M2_two                  32
 129              M3_two                 128
    Covered States :
    ----------------
                   State           Hit_count
                   -----           ---------
                    IDLE               65239          
                  M3_one                9108          
                  M2_one                5825          
                 M1_free               18691          
              M1_int_one                1830          
              M1_int_two                 434          
                  M2_two                 715          
                  M3_two                1155          
    Covered Transitions :
    ---------------------
Line            Trans_ID           Hit_count          Transition          
----            --------           ---------          ----------          
  67                   0                6344          IDLE -> M3_one                
  66                   1                3228          IDLE -> M2_one                
  61                   2               12485          IDLE -> M1_free               
 127                   3                1155          M3_one -> M3_two              
 125                   4                5125          M3_one -> IDLE                
 124                   5                 583          M3_one -> M2_one              
 123                   6                1135          M3_one -> M1_free             
 121                   7                1110          M3_one -> M1_int_one          
 110                   8                 715          M2_one -> M2_two              
 108                   9                3287          M2_one -> IDLE                
 107                  10                 351          M2_one -> M3_one              
 106                  11                 752          M2_one -> M1_free             
 104                  12                 720          M2_one -> M1_int_one          
  79                  13               11174          M1_free -> IDLE               
  78                  14                2108          M1_free -> M3_one             
  77                  15                1630          M1_free -> M2_one             
  93                  16                 434          M1_int_one -> M1_int_two          
  91                  17                1048          M1_int_one -> IDLE            
  90                  18                 182          M1_int_one -> M3_one          
  89                  19                 166          M1_int_one -> M2_one          
  99                  20                 257          M1_int_two -> IDLE            
  98                  21                  29          M1_int_two -> M3_one          
  97                  22                  55          M1_int_two -> M2_one          
  96                  23                  93          M1_int_two -> M1_free          
 117                  24                 445          M2_two -> IDLE                
 116                  25                  94          M2_two -> M3_one              
 115                  26                 176          M2_two -> M1_free             
 134                  27                 721          M3_two -> IDLE                
 133                  28                 163          M3_two -> M2_one              
 132                  29                 271          M3_two -> M1_free             


    Summary                       Bins      Hits    Misses  Coverage
    -------                       ----      ----    ------  --------
        FSM States                   8         8         0   100.00%
        FSM Transitions             30        30         0   100.00%
Statement Coverage:
    Enabled Coverage              Bins      Hits    Misses  Coverage
    ----------------              ----      ----    ------  --------
    Statements                      69        69         0   100.00%

================================Statement Details================================

Statement Coverage for instance /tbCover/iDUT --

    Line         Item                      Count     Source 
    ----         ----                      -----     ------ 
  File controller.sv
    36              1                     102998     
    37              1                      59666     
    38              1                      43332     
    43              1                     102273     
    45              1                      61655     
    47              1                      11203     
    51              1                      40982     
    52              1                      29779     
    53              1                      11203     
    57              1                     136598     
    61              1                      32470     
    63              1                        145     
    64              1                       8099     
    66              1                       8126     
    67              1                       8223     
    68              1                      10019     
    74              1                        753     
    75              1                       1736     
    77              1                       2460     
    78              1                       2485     
    79              1                       2535     
    81              1                      23680     
    86              1                        105     
    87              1                        101     
    89              1                        225     
    90              1                        252     
    91              1                        255     
    93              1                       2531     
    96              1                        586     
    97              1                        123     
    98              1                         57     
    99              1                         55     
    104             1                       1440     
    106             1                       1501     
    107             1                        710     
    108             1                        770     
    110             1                       6547     
    115             1                        357     
    116             1                        503     
    117             1                        485     
    121             1                       2286     
    123             1                       2247     
    124             1                       1144     
    125             1                       1135     
    127             1                      10274     
    132             1                        561     
    133             1                        818     
    134             1                        797     
    138             1                          2     
    143             1                     100688     
    146             1                      41794     
    147             1                      41794     
    152             1                      24913     
    153             1                      24913     
    156             1                      14912     
    157             1                      14912     
    160             1                       1830     
    161             1                       1830     
    164             1                        434     
    165             1                        434     
    168             1                       5825     
    169             1                       5825     
    172             1                        715     
    173             1                        715     
    176             1                       9108     
    177             1                       9108     
    180             1                       1155     
    181             1                       1155     
    183             1                          2     

=================================================================================
=== Instance: /tbCover
=== Design Unit: work.tbCover
=================================================================================
Branch Coverage:
    Enabled Coverage              Bins      Hits    Misses  Coverage
    ----------------              ----      ----    ------  --------
    Branches                         2         1         1    50.00%

================================Branch Details================================

Branch Coverage for instance /tbCover

    Line         Item                      Count     Source 
    ----         ----                      -----     ------ 
  File tbCover.sv
------------------------------------IF Branch------------------------------------
    68                                     90000     Count coming in to IF
    68              1                      90000     
                                         ***0***     All False Count
Branch totals: 1 hit of 2 branches = 50.00%


Statement Coverage:
    Enabled Coverage              Bins      Hits    Misses  Coverage
    ----------------              ----      ----    ------  --------
    Statements                      25        25         0   100.00%

================================Statement Details================================

Statement Coverage for instance /tbCover --

    Line         Item                      Count     Source 
    ----         ----                      -----     ------ 
  File tbCover.sv
    36              1                     180004     
    36              2                     180003     
    48              1                          1     
    49              1                          1     
    50              1                          1     
    51              1                          1     
    56              1                          1     
    57              1                          1     
    58              1                          1     
    59              1                          1     
    62              1                          1     
    63              1                          1     
    64              1                          1     
    65              1                          1     
    65              2                          1     
    67              1                      90000     
    69              1                      90000     
    70              1                      90000     
    71              1                      90000     
    73              1                      90000     
    79              1                          1     
    79              2                          1     
    80              1                          1     
    85              1                          1     
    86              1                          1     

=================================================================================
=== Instance: /tbCover_sv_unit
=== Design Unit: work.tbCover_sv_unit
=================================================================================

Covergroup Coverage:
    Covergroups                      3        na        na    91.66%
        Coverpoints/Crosses         11        na        na        na
            Covergroup Bins         11        10         1    90.90%
----------------------------------------------------------------------------------------------------------
Covergroup                                             Metric       Goal       Bins    Status               
                                                                                                         
----------------------------------------------------------------------------------------------------------
 TYPE /tbCover_sv_unit/cg_priority                    100.00%        100          -    Covered              
    covered/total bins:                                     3          3          -                      
    missing/total bins:                                     0          3          -                      
    % Hit:                                            100.00%        100          -                      
    Coverpoint cp_req                                 100.00%        100          -    Covered              
        covered/total bins:                                 1          1          -                      
        missing/total bins:                                 0          1          -                      
        % Hit:                                        100.00%        100          -                      
    Coverpoint cp_accmodule                           100.00%        100          -    Covered              
        covered/total bins:                                 1          1          -                      
        missing/total bins:                                 0          1          -                      
        % Hit:                                        100.00%        100          -                      
    Cross cp_priority_0                               100.00%        100          -    Covered              
        covered/total bins:                                 1          1          -                      
        missing/total bins:                                 0          1          -                      
        % Hit:                                        100.00%        100          -                      
 Covergroup instance \/tbCover/cg_0                   100.00%        100          -    Covered              
    covered/total bins:                                     3          3          -                      
    missing/total bins:                                     0          3          -                      
    % Hit:                                            100.00%        100          -                      
    Coverpoint cp_req                                 100.00%        100          -    Covered              
        covered/total bins:                                 1          1          -                      
        missing/total bins:                                 0          1          -                      
        % Hit:                                        100.00%        100          -                      
        bin req_0                                       11244          1          -    Covered              
    Coverpoint cp_accmodule                           100.00%        100          -    Covered              
        covered/total bins:                                 1          1          -                      
        missing/total bins:                                 0          1          -                      
        % Hit:                                        100.00%        100          -                      
        bin accmod_2                                     2420          1          -    Covered              
    Cross cp_priority_0                               100.00%        100          -    Covered              
        covered/total bins:                                 1          1          -                      
        missing/total bins:                                 0          1          -                      
        % Hit:                                        100.00%        100          -                      
        Auto, Default and User Defined Bins:
            bin <req_0,accmod_2>                          307          1          -    Covered              
 TYPE /tbCover_sv_unit/cg_m1_high_priority             75.00%        100          -    Uncovered            
    covered/total bins:                                     3          4          -                      
    missing/total bins:                                     1          4          -                      
    % Hit:                                             75.00%        100          -                      
    Coverpoint cp_m1_interrupts_m2_one                100.00%        100          -    Covered              
        covered/total bins:                                 1          1          -                      
        missing/total bins:                                 0          1          -                      
        % Hit:                                        100.00%        100          -                      
    Coverpoint cp_m1_interrupts_m2_two                100.00%        100          -    Covered              
        covered/total bins:                                 1          1          -                      
        missing/total bins:                                 0          1          -                      
        % Hit:                                        100.00%        100          -                      
    Coverpoint cp_m1_interrupts_m3_one                100.00%        100          -    Covered              
        covered/total bins:                                 1          1          -                      
        missing/total bins:                                 0          1          -                      
        % Hit:                                        100.00%        100          -                      
    Coverpoint cp_m1_interrupts_m3_two                  0.00%        100          -    ZERO                 
        covered/total bins:                                 0          1          -                      
        missing/total bins:                                 1          1          -                      
        % Hit:                                          0.00%        100          -                      
 Covergroup instance \/tbCover/cg_1                    75.00%        100          -    Uncovered            
    covered/total bins:                                     3          4          -                      
    missing/total bins:                                     1          4          -                      
    % Hit:                                             75.00%        100          -                      
    Coverpoint cp_m1_interrupts_m2_one                100.00%        100          -    Covered              
        covered/total bins:                                 1          1          -                      
        missing/total bins:                                 0          1          -                      
        % Hit:                                        100.00%        100          -                      
        bin m1_interrupts_m2_one                          340          1          -    Covered              
    Coverpoint cp_m1_interrupts_m2_two                100.00%        100          -    Covered              
        covered/total bins:                                 1          1          -                      
        missing/total bins:                                 0          1          -                      
        % Hit:                                        100.00%        100          -                      
        bin m1_interrupts_m2_two                          340          1          -    Covered              
    Coverpoint cp_m1_interrupts_m3_one                100.00%        100          -    Covered              
        covered/total bins:                                 1          1          -                      
        missing/total bins:                                 0          1          -                      
        % Hit:                                        100.00%        100          -                      
        bin m1_interrupts_m3_one                          568          1          -    Covered              
    Coverpoint cp_m1_interrupts_m3_two                  0.00%        100          -    ZERO                 
        covered/total bins:                                 0          1          -                      
        missing/total bins:                                 1          1          -                      
        % Hit:                                          0.00%        100          -                      
        bin m1_interrupts_m3_two                            0          1          -    ZERO                 
 TYPE /tbCover_sv_unit/cg_m1_indef_access             100.00%        100          -    Covered              
    covered/total bins:                                     4          4          -                      
    missing/total bins:                                     0          4          -                      
    % Hit:                                            100.00%        100          -                      
    Coverpoint cp_m1_free_request                     100.00%        100          -    Covered              
        covered/total bins:                                 1          1          -                      
        missing/total bins:                                 0          1          -                      
        % Hit:                                        100.00%        100          -                      
    Coverpoint cp_m1_free_state                       100.00%        100          -    Covered              
        covered/total bins:                                 1          1          -                      
        missing/total bins:                                 0          1          -                      
        % Hit:                                        100.00%        100          -                      
    Coverpoint cp_m1_indef_hold                       100.00%        100          -    Covered              
        covered/total bins:                                 1          1          -                      
        missing/total bins:                                 0          1          -                      
        % Hit:                                        100.00%        100          -                      
    Coverpoint cp_m1_free_exit                        100.00%        100          -    Covered              
        covered/total bins:                                 1          1          -                      
        missing/total bins:                                 0          1          -                      
        % Hit:                                        100.00%        100          -                      
 Covergroup instance \/tbCover/cg_2                   100.00%        100          -    Covered              
    covered/total bins:                                     4          4          -                      
    missing/total bins:                                     0          4          -                      
    % Hit:                                            100.00%        100          -                      
    Coverpoint cp_m1_free_request                     100.00%        100          -    Covered              
        covered/total bins:                                 1          1          -                      
        missing/total bins:                                 0          1          -                      
        % Hit:                                        100.00%        100          -                      
        bin m1_req_while_idle                           35119          1          -    Covered              
    Coverpoint cp_m1_free_state                       100.00%        100          -    Covered              
        covered/total bins:                                 1          1          -                      
        missing/total bins:                                 0          1          -                      
        % Hit:                                        100.00%        100          -                      
        bin entered_m1_free                              6264          1          -    Covered              
    Coverpoint cp_m1_indef_hold                       100.00%        100          -    Covered              
        covered/total bins:                                 1          1          -                      
        missing/total bins:                                 0          1          -                      
        % Hit:                                        100.00%        100          -                      
        bin m1_holds_3plus_cycles                         661          1          -    Covered              
    Coverpoint cp_m1_free_exit                        100.00%        100          -    Covered              
        covered/total bins:                                 1          1          -                      
        missing/total bins:                                 0          1          -                      
        % Hit:                                        100.00%        100          -                      
        bin m1_exits_on_done                             1514          1          -    Covered              

COVERGROUP COVERAGE:
----------------------------------------------------------------------------------------------------------
Covergroup                                             Metric       Goal       Bins    Status               
                                                                                                         
----------------------------------------------------------------------------------------------------------
 TYPE /tbCover_sv_unit/cg_priority                    100.00%        100          -    Covered              
    covered/total bins:                                     3          3          -                      
    missing/total bins:                                     0          3          -                      
    % Hit:                                            100.00%        100          -                      
    Coverpoint cp_req                                 100.00%        100          -    Covered              
        covered/total bins:                                 1          1          -                      
        missing/total bins:                                 0          1          -                      
        % Hit:                                        100.00%        100          -                      
    Coverpoint cp_accmodule                           100.00%        100          -    Covered              
        covered/total bins:                                 1          1          -                      
        missing/total bins:                                 0          1          -                      
        % Hit:                                        100.00%        100          -                      
    Cross cp_priority_0                               100.00%        100          -    Covered              
        covered/total bins:                                 1          1          -                      
        missing/total bins:                                 0          1          -                      
        % Hit:                                        100.00%        100          -                      
 Covergroup instance \/tbCover/cg_0                   100.00%        100          -    Covered              
    covered/total bins:                                     3          3          -                      
    missing/total bins:                                     0          3          -                      
    % Hit:                                            100.00%        100          -                      
    Coverpoint cp_req                                 100.00%        100          -    Covered              
        covered/total bins:                                 1          1          -                      
        missing/total bins:                                 0          1          -                      
        % Hit:                                        100.00%        100          -                      
        bin req_0                                       11244          1          -    Covered              
    Coverpoint cp_accmodule                           100.00%        100          -    Covered              
        covered/total bins:                                 1          1          -                      
        missing/total bins:                                 0          1          -                      
        % Hit:                                        100.00%        100          -                      
        bin accmod_2                                     2420          1          -    Covered              
    Cross cp_priority_0                               100.00%        100          -    Covered              
        covered/total bins:                                 1          1          -                      
        missing/total bins:                                 0          1          -                      
        % Hit:                                        100.00%        100          -                      
        Auto, Default and User Defined Bins:
            bin <req_0,accmod_2>                          307          1          -    Covered              
 TYPE /tbCover_sv_unit/cg_m1_high_priority             75.00%        100          -    Uncovered            
    covered/total bins:                                     3          4          -                      
    missing/total bins:                                     1          4          -                      
    % Hit:                                             75.00%        100          -                      
    Coverpoint cp_m1_interrupts_m2_one                100.00%        100          -    Covered              
        covered/total bins:                                 1          1          -                      
        missing/total bins:                                 0          1          -                      
        % Hit:                                        100.00%        100          -                      
    Coverpoint cp_m1_interrupts_m2_two                100.00%        100          -    Covered              
        covered/total bins:                                 1          1          -                      
        missing/total bins:                                 0          1          -                      
        % Hit:                                        100.00%        100          -                      
    Coverpoint cp_m1_interrupts_m3_one                100.00%        100          -    Covered              
        covered/total bins:                                 1          1          -                      
        missing/total bins:                                 0          1          -                      
        % Hit:                                        100.00%        100          -                      
    Coverpoint cp_m1_interrupts_m3_two                  0.00%        100          -    ZERO                 
        covered/total bins:                                 0          1          -                      
        missing/total bins:                                 1          1          -                      
        % Hit:                                          0.00%        100          -                      
 Covergroup instance \/tbCover/cg_1                    75.00%        100          -    Uncovered            
    covered/total bins:                                     3          4          -                      
    missing/total bins:                                     1          4          -                      
    % Hit:                                             75.00%        100          -                      
    Coverpoint cp_m1_interrupts_m2_one                100.00%        100          -    Covered              
        covered/total bins:                                 1          1          -                      
        missing/total bins:                                 0          1          -                      
        % Hit:                                        100.00%        100          -                      
        bin m1_interrupts_m2_one                          340          1          -    Covered              
    Coverpoint cp_m1_interrupts_m2_two                100.00%        100          -    Covered              
        covered/total bins:                                 1          1          -                      
        missing/total bins:                                 0          1          -                      
        % Hit:                                        100.00%        100          -                      
        bin m1_interrupts_m2_two                          340          1          -    Covered              
    Coverpoint cp_m1_interrupts_m3_one                100.00%        100          -    Covered              
        covered/total bins:                                 1          1          -                      
        missing/total bins:                                 0          1          -                      
        % Hit:                                        100.00%        100          -                      
        bin m1_interrupts_m3_one                          568          1          -    Covered              
    Coverpoint cp_m1_interrupts_m3_two                  0.00%        100          -    ZERO                 
        covered/total bins:                                 0          1          -                      
        missing/total bins:                                 1          1          -                      
        % Hit:                                          0.00%        100          -                      
        bin m1_interrupts_m3_two                            0          1          -    ZERO                 
 TYPE /tbCover_sv_unit/cg_m1_indef_access             100.00%        100          -    Covered              
    covered/total bins:                                     4          4          -                      
    missing/total bins:                                     0          4          -                      
    % Hit:                                            100.00%        100          -                      
    Coverpoint cp_m1_free_request                     100.00%        100          -    Covered              
        covered/total bins:                                 1          1          -                      
        missing/total bins:                                 0          1          -                      
        % Hit:                                        100.00%        100          -                      
    Coverpoint cp_m1_free_state                       100.00%        100          -    Covered              
        covered/total bins:                                 1          1          -                      
        missing/total bins:                                 0          1          -                      
        % Hit:                                        100.00%        100          -                      
    Coverpoint cp_m1_indef_hold                       100.00%        100          -    Covered              
        covered/total bins:                                 1          1          -                      
        missing/total bins:                                 0          1          -                      
        % Hit:                                        100.00%        100          -                      
    Coverpoint cp_m1_free_exit                        100.00%        100          -    Covered              
        covered/total bins:                                 1          1          -                      
        missing/total bins:                                 0          1          -                      
        % Hit:                                        100.00%        100          -                      
 Covergroup instance \/tbCover/cg_2                   100.00%        100          -    Covered              
    covered/total bins:                                     4          4          -                      
    missing/total bins:                                     0          4          -                      
    % Hit:                                            100.00%        100          -                      
    Coverpoint cp_m1_free_request                     100.00%        100          -    Covered              
        covered/total bins:                                 1          1          -                      
        missing/total bins:                                 0          1          -                      
        % Hit:                                        100.00%        100          -                      
        bin m1_req_while_idle                           35119          1          -    Covered              
    Coverpoint cp_m1_free_state                       100.00%        100          -    Covered              
        covered/total bins:                                 1          1          -                      
        missing/total bins:                                 0          1          -                      
        % Hit:                                        100.00%        100          -                      
        bin entered_m1_free                              6264          1          -    Covered              
    Coverpoint cp_m1_indef_hold                       100.00%        100          -    Covered              
        covered/total bins:                                 1          1          -                      
        missing/total bins:                                 0          1          -                      
        % Hit:                                        100.00%        100          -                      
        bin m1_holds_3plus_cycles                         661          1          -    Covered              
    Coverpoint cp_m1_free_exit                        100.00%        100          -    Covered              
        covered/total bins:                                 1          1          -                      
        missing/total bins:                                 0          1          -                      
        % Hit:                                        100.00%        100          -                      
        bin m1_exits_on_done                             1514          1          -    Covered              

TOTAL COVERGROUP COVERAGE: 91.66%  COVERGROUP TYPES: 3

DIRECTIVE COVERAGE:
--------------------------------------------------------------------------------------------
Name                                     Design Design   Lang File(Line)      Hits Status    
                                         Unit   UnitType                                     
--------------------------------------------------------------------------------------------
/tbCover/iDUT/ctrl_sva_inst/m1_req_fired_LLM 
                                         properties Verilog  SVA  properties.sv(61)
                                                                              44893 Covered   
/tbCover/iDUT/ctrl_sva_inst/m2_req_fired_LLM_generated 
                                         properties Verilog  SVA  properties.sv(70)
                                                                              44972 Covered   
/tbCover/iDUT/ctrl_sva_inst/m3_req_fired_LLM_generated 
                                         properties Verilog  SVA  properties.sv(79)
                                                                              44934 Covered   
/tbCover/iDUT/ctrl_sva_inst/m1_done_fired 
                                         properties Verilog  SVA  properties.sv(101)
                                                                              45108 Covered   
/tbCover/iDUT/ctrl_sva_inst/m2_done_fired 
                                         properties Verilog  SVA  properties.sv(110)
                                                                              45029 Covered   
/tbCover/iDUT/ctrl_sva_inst/m3_done_fired 
                                         properties Verilog  SVA  properties.sv(119)
                                                                              45067 Covered   

TOTAL DIRECTIVE COVERAGE: 100.00%  COVERS: 6

ASSERTION RESULTS:
--------------------------------------------------------------------
Name                 File(Line)                   Failure      Pass 
                                                  Count        Count
--------------------------------------------------------------------
/tbCover/iDUT/ctrl_sva_inst/mstate_onehot
                     properties.sv(14)                  0          1
/tbCover/iDUT/ctrl_sva_inst/m1_grant
                     properties.sv(27)              11132          1
/tbCover/iDUT/ctrl_sva_inst/m2_grant
                     properties.sv(32)                879          1
/tbCover/iDUT/ctrl_sva_inst/m2_grant_LLM_generated
                     properties.sv(38)                  0          1
/tbCover/iDUT/ctrl_sva_inst/m3_grant
                     properties.sv(43)               4705          1
/tbCover/iDUT/ctrl_sva_inst/m3_grant_LLM_generated
                     properties.sv(49)                 37          1
/tbCover/iDUT/ctrl_sva_inst/m1_req
                     properties.sv(56)              22332          1
/tbCover/iDUT/ctrl_sva_inst/m2_req
                     properties.sv(66)              22521          1
/tbCover/iDUT/ctrl_sva_inst/m3_req
                     properties.sv(75)              22522          1
/tbCover/iDUT/ctrl_sva_inst/mutex_LLM_generated
                     properties.sv(85)                  1          1
/tbCover/iDUT/ctrl_sva_inst/no_req_during_access
                     properties.sv(90)              11269          1
/tbCover/iDUT/ctrl_sva_inst/m1_done
                     properties.sv(96)              22548          1
/tbCover/iDUT/ctrl_sva_inst/m2_done
                     properties.sv(106)             22578          1
/tbCover/iDUT/ctrl_sva_inst/m3_done
                     properties.sv(115)             22654          1

Total Coverage By Instance (filtered view): 88.07%

